\BOOKMARK [2][-]{subsection.0.1}{\376\377\000D\000a\000t\000a\000s\000e\000t\000\040\000I\000n\000f\000o}{}% 1
\BOOKMARK [2][-]{subsection.0.2}{\376\377\000A\000n\000a\000l\000y\000s\000i\000s\000\040\000o\000f\000\040\000D\000a\000t\000a\000s\000e\000t}{}% 2
\BOOKMARK [2][-]{subsection.0.3}{\376\377\000O\000b\000s\000e\000r\000v\000a\000t\000i\000o\000n}{}% 3
\BOOKMARK [2][-]{subsection.0.1}{\376\377\000O\000b\000j\000e\000c\000t\000i\000v\000e}{}% 4
\BOOKMARK [2][-]{subsection.0.2}{\376\377\000C\000l\000a\000s\000s\000i\000f\000i\000c\000a\000t\000i\000o\000n\000\040\000o\000f\000\040\000D\000a\000t\000a\000s\000e\000t}{}% 5
\BOOKMARK [2][-]{subsection.0.1}{\376\377\000F\000r\000e\000q\000u\000e\000n\000c\000y\000\040\000D\000i\000s\000t\000r\000i\000b\000u\000t\000i\000o\000n\000\040\000T\000a\000b\000l\000e}{}% 6
\BOOKMARK [2][-]{subsection.0.2}{\376\377\000R\000e\000p\000r\000e\000s\000e\000n\000t\000a\000t\000i\000o\000n}{}% 7
\BOOKMARK [2][-]{subsection.0.3}{\376\377\000O\000b\000s\000e\000r\000v\000a\000t\000i\000o\000n}{}% 8
\BOOKMARK [2][-]{subsection.0.1}{\376\377\000C\000a\000l\000c\000u\000l\000a\000t\000i\000n\000g\000\040\000m\000e\000a\000s\000u\000r\000e\000\040\000o\000f\000\040\000v\000a\000r\000i\000a\000b\000l\000i\000t\000y}{}% 9
\BOOKMARK [2][-]{subsection.0.2}{\376\377\000R\000e\000p\000r\000e\000s\000e\000n\000t\000a\000t\000i\000o\000n}{}% 10
\BOOKMARK [2][-]{subsection.0.3}{\376\377\000O\000b\000s\000e\000r\000v\000a\000t\000i\000o\000n}{}% 11
\BOOKMARK [2][-]{subsection.0.1}{\376\377\000C\000o\000m\000p\000u\000t\000i\000n\000g\000\040\000m\000e\000a\000n\000,\000\040\000m\000e\000d\000i\000a\000n\000\040\000a\000n\000d\000\040\000m\000o\000d\000e}{}% 12
\BOOKMARK [2][-]{subsection.0.2}{\376\377\000R\000e\000p\000r\000e\000s\000e\000n\000t\000a\000t\000i\000o\000n}{}% 13
\BOOKMARK [2][-]{subsection.0.3}{\376\377\000O\000b\000s\000e\000r\000v\000a\000t\000i\000o\000n}{}% 14
\BOOKMARK [2][-]{subsection.0.1}{\376\377\000P\000l\000o\000t\000i\000n\000g\000\040\000t\000h\000e\000\040\000d\000i\000s\000t\000r\000i\000b\000u\000t\000i\000o\000n}{}% 15
\BOOKMARK [2][-]{subsection.0.2}{\376\377\000O\000b\000s\000e\000r\000v\000a\000t\000i\000o\000n}{}% 16
\BOOKMARK [2][-]{subsection.0.1}{\376\377\000P\000l\000o\000t\000i\000n\000g\000\040\000s\000c\000a\000t\000t\000e\000r\000\040\000d\000i\000a\000g\000r\000a\000m}{}% 17
\BOOKMARK [2][-]{subsection.0.2}{\376\377\000O\000b\000s\000e\000r\000v\000a\000t\000i\000o\000n}{}% 18
\BOOKMARK [2][-]{subsection.0.1}{\376\377\000C\000a\000l\000c\000u\000l\000a\000t\000i\000n\000g\000\040\000c\000o\000r\000r\000e\000l\000a\000t\000i\000o\000n\000\040\000c\000o\000e\000f\000f\000i\000c\000i\000e\000n\000t}{}% 19
\BOOKMARK [2][-]{subsection.0.2}{\376\377\000O\000b\000s\000e\000r\000v\000a\000t\000i\000o\000n}{}% 20
\BOOKMARK [2][-]{subsection.0.1}{\376\377\000B\000u\000i\000l\000d\000i\000n\000g\000\040\000L\000i\000n\000e\000a\000r\000\040\000r\000e\000g\000r\000e\000s\000s\000i\000o\000n\000\040\000m\000o\000d\000e\000l}{}% 21
\BOOKMARK [2][-]{subsection.0.2}{\376\377\000O\000b\000s\000e\000r\000v\000a\000t\000i\000o\000n}{}% 22
